[    0.000000] Linux version 4.15.0-36-generic (buildd@lgw01-amd64-031) (gcc version 7.3.0 (Ubuntu .3.0-16ubuntu3)) #39-Ubuntu SMP Mon Sep 24 16:19:09 UTC 2018 (Ubuntu 4.15.0-36.39-generic 4.15.18)
[    0.000000] Comand li: BOOT_IMAGE=/boot/vmlinuz-4.15.0-36-generic root=LABEL=cloudimg-rootfs ro console=tty1 console=ttyS0
[    0.000000] KERNEL supported cpus:
[    0.000000]   Intel GenuineIntel
[    0.000000]   AMD AuthenticAMD
[    0.000000]   Centaur CentaurHauls
[    0.000000] x86/fpu: Supporting XSAVE feature 0x001: 'x87 floating point registers'
[    0.000000] x86/fpu: Supporting XSAVE feature 0x002: 'SSE registers'
[    0.000000] x86/fpu: Supporting XSAVE feature 0x004: 'AVX registers'
[    0.000000] x86/fpu: xstate_offset[2]:  576, xstate_sizes[2]:  256
[    0.000000] x86/fpu: Enabled xstate features 0x7, context size is 832 bytes, using 'standard' format.
[    0.000000] e820: BIOS-provided phical RAM map:
[    0.000000] BIOS-e820: [mem 0x0000000000000000-0x000000000009fbff] usable
[    .00000] BIOS-e820: [mem 0x000000000009fc0-0x000000000009ffff] reserved
[    0.000000] IOS-e820: [mem x000000000f00-0x00000000000fffff] reserved
[    0.000000] BIOS-e820: [mem 0x00000000100000-0x000000007ffeffff] usable
[    0.000000] BIOS-e820: [mem 0x00000007fff0000-0x000000007fffffff] ACPI data
[    0.0000] BIOS-e820: [mem 0x00000000fec00000-0x00000000fec00fff] reserved
[    0.000000] BIOS-e820: [mem 0x00000000fee00000-0x00000000fee00fff] reserved
[    0.000000] BIOS-e820: [mem 0x00000000fffc0000-0x00000000ffffffff] reserved
[    0.000000] NX (Execute Disable) protecion:active
[    0.000000] SMBIOS 2.5 present.
[    0.000000] DMI: innotek GmbH VirtualBox/VirtualBox, BIOS VirtualBox 12/01/2006
[    0.000000] Hypervisor detected: KVM
[    0.000000] e820: last_pfn = 0x7fff0 max_arch_pfn = 0x400000000
[    0.00000] MTR: Dsabled
[    0.000000] x86/PAT: MTRRs disabled, skipping PAT initialization too.
[    0.000000] CPU MTRRs all blank - virtualized system.
[    0.000000] x86/PAT: Configuration [0-7]: WB  WT  UC- UC  WB  WT  UC- UC  
[    0.000000] found SMP MP-table at [mem 0x0009fff0-0x0009ffff] mapped at [        (ptrval)]
[    0.000000] Scanning 1 areas for low memory corruption
[    0.000000] RAMDISK: [mem 0x35ae3000-0x36d68fff]
[    0.000000] ACPI: Early table checksum verification disabled
[    0.000000] ACPI: RSDP 0x00000000000E0000 000024 (v02 VBOX  )
[    0.000000] ACPI: XSDT 0x000000007FFF0030 00003C (v01 VBOX   VBOXXSDT 00000001 ASL  00000061)
[    0.000000]CPI: FACP 0x000000007FFF00F0 0000F4 (v04 VBOX   VBOXFACP 00000001 ASL  00000061)
[    0.000000] ACPI: DSDT 0x000000007FFF0470 0021FF (v02 VBOX   VBOXBIOS 00000002 INTL 20180105)
[    0.000000] ACPI: FACS 0x000000007FFF0200 000040
[    0.000000] ACPI: FACS 0x000000007FFF0200 000040
[    0.000000] ACPI: APIC 0x000000007FFF0240 00005C (v02 VBOX   VBOXAPIC 00000001 ASL  00000061)
[    0.000000] ACPI: SSDT 0x000000007FFF02A0 0001CC (v01 VBOX   VBOXCPUT 00000002 INTL 20180105)
[    0.000000] No NUMA configuration found
[    0.000000] Faking a node at [mem 0x0000000000000000-x000000007ffeffff]
[    0.000000] NOE_DATA(0) allocated [mem 0x7ffc5000-0x7ffeffff]
[    0.000000] kvm-clock: cpu 0, msr 0:7ff44001, primary cpu clock
[    0.000000] kvm-clock: Using msrs 4b564d01 and 4b564d00
[    0.000000] kvm-clock: using sched offset of 3326810470 cycles
[    0.000000] clocksource: kvm-clock: mask: 0xffffffffffffffff max_cycles: 0x1cd42e4dffb, max_idle_ns: 881590591483 ns
[    0.000000] Zone ranges:
[    0.000000]   DMA      [mem 0x0000000000001000-0x0000000000ffffff]
[    0.000000]   DMA32    [mem 0x0000000001000000-0x000000007ffeffff]
[    0.000000]   Normal   empty
[    0.000000]   Device   empty
[    0.000000] Moable zone start for each node
[    0.000000] Early memory node ranges
[    0.000000]   node   0: [mem 0x0000000000001000-0x000000000009efff]
[    0.000000]   node   0: [mem 0x0000000000100000-0x000000007ffeffff]
[    0.000000] Initmem setup node 0 [mem 0x0000000000001000-0x000000007ffeffff]
[    0.000000] Reserved but unavailable: 98 pages
[    0.000000] ACPI: PM--Timer IO Port: 0x4008
[    0.000000] IOAPIC[0]: apic_id 2, version 32, address 0xfec00000, GSI 0-23
[    0.000000] ACPI: INT_SRC_OVR (bus 0 bus_irq 0 global_irq 2 dfl dfl)
[    0.000000] ACPI: INT_SRC_OVR (bus 0 bus_irq 9 global_irq 9 low level)
[    0.000000] Using ACPI (MADT) for SMP configuration information
[    0.000000] smpboot: Allowing 2 CPUs, 0 hotplug CPUs
[    0.000000] PM: Registered nosave memory: [mem 0x00000000-0x00000fff]
[    0.000000] PM: Registered nosave memory: [mem 0x0009f000-0x0009ffff]
[    0.000000] PM: Registered nosave memory: [mem 0x000a0000-0x000effff]
[    0.000000] PM: Registered nosave memory: [mem 0x000f0000-0x000fffff]
[    0.000000] e820: [mem 0x80000000-0xfebfffff] available for PCI devices
[    0.000000] Booting paravirtualized kernel on KVM
[    0.000000] clocksource: refined-jiffies: mask: 0xffffffff max_cycles: 0xffffffff, max_idle_ns: 7645519600211568 ns
[    0.000000] random: get_random_bytes called from start_kernel+0x99/0x4fd with crng_init=0
[    0.000000] setup_percpu: NR_CPUS:8192 nr_cpumask_bits:2 nr_cpu_ids:2 nr_node_ids:1
[    0.000000] percpu: Embedded 46 pages/cpu @        (ptrval) s151552 r8192 d28672 u1048576
[    0.000000] PV qspinlock hash table entries: 256 (order: 0, 4096 bytes)
[    0.000000] Built 1 zonelists, mobility grouping on.  Total pages: 515961
[    0.000000] Policy zone: DMA32
[    0.000000] Kernel command line: BOOT_IMAGE=/boot/vmlinuz-4.15.0-36-generic root=LABEL=cloudimg-rootfs ro console=tty1 console=ttyS0
[    0.000000] Memory: 2015808K/2096696K available (12300K kernel code, 2472K rwdata, 4248K rodata, 2408K init, 2416K bss, 80888K reserved, 0K cma-reserved)
[    0.000000] SLUB: HWalign=64, Order=0-3, MinObjects=0, CPUs=2, Nodes=1
[    0.000000] Kernel/User page tables isolation: enabled
[    0.000000] ftrace: allocating 39168 entries in 154 pages
[    0.004000] Hierarchical RCU implementation.
[    0.004000] 	RCU restricting CPUs from NR_CPUS=8192 to nr_cpu_ids=2.
[    0.004000] 	Tasks RCU enabled.
[    0.004000] RCU: Adjusting geometry for rcu_fanout_leaf=16, nr_cpu_ids=2
[    0.004000] NR_IRQS: 524544, nr_irqs: 440, preallocated irqs: 16
[    0.004000] Console: colour VGA+ 80x25
[    0.004000] console [tty1] enabled
[    0.004000] console [ttyS0] enabled
[    0.004000] ACPI: Core revision 20170831
[    0.004000] ACPI: 2 ACPI AML tables successfully acquired and loaded
[    0.004000] APIC: Switch to symmetric I/O mode setup
[    0.004000] x2apic enabled
[    0.004000] Switched APIC routing to physical x2apic.
[    0.005464] ..TIMER: vector=0x30 apic1=0 pin1=2 apic2=-1 pin2=-1
[    0.008003] tsc: Detected 2807.998 MHz processor
[    0.009707] Calibrating delay loop (skipped) preset value.. 5615.99 BogoMIPS (lpj=11231992)
[    0.012004] pid_max: default: 32768 minimum: 301
[    0.013747] Security Framework initialized
[    0.016004] Yama: becoming mindful.
[    0.017368] AppArmor: AppArmor initialized
[    0.019600] Dentry cache hash table entries: 262144 (order: 9, 2097152 bytes)
[    0.020561] Inode-cache hash table entries: 131072 (order: 8, 1048576 bytes)
[    0.024027] Mount-cache hash table entries: 4096 (order: 3, 32768 bytes)
[    0.028010] Mountpoint-cache hash table entries: 4096 (order: 3, 32768 bytes)
[    0.030857] mce: CPU supports 0 MCE banks
[    0.032020] Last level iTLB entries: 4KB 64, 2MB 8, 4MB 8
[    0.033994] Last level dTLB entries: 4KB 64, 2MB 0, 4MB 0, 1GB 4
[    0.036006] Spectre V2 : Mitigation: Full generic retpoline
[    0.040007] Spectre V2 : Spectre v2 / SpectreRSB mitigation: Filling RSB on context switch
[    0.043033] Speculative Store Bypass: Vulnerable
[    0.044114] Freeing SMP alternatives memory: 36K
[    0.052000] smpboot: CPU0: Intel(R) Core(TM) i7-6600U CPU @ 2.60GHz (family: 0x6, model: 0x4e, stepping: 0x3)
[    0.052093] Performance Events: unsupported p6 CPU model 78 no PMU driver, software events only.
[    0.056052] Hierarchical SRCU implementation.
[    0.064350] NMI watchdog: Perf event create on CPU 0 failed with -2
[    0.066612] NMI watchdog: Perf NMI watchdog permanently disabled
[    0.068083] smp: Bringing up secondary CPUs ...
[    0.069663] x86: Booting SMP configuration:
[    0.072006] .... node  #0, CPUs:      #1
[    0.004000] kvm-clock: cpu 1, msr 0:7ff44041, secondary cpu clock
[    0.004000] mce: CPU supports 0 MCE banks
[    0.092023] smp: Brought up 1 node, 2 CPUs
[    0.092694] smpboot: Max logical packages: 1
[    0.093409] smpboot: Total of 2 processors activated (11231.99 BogoMIPS)
[    0.096140] devtmpfs: initialized
[    0.100082] x86/mm: Memory block size: 128MB
[    0.104213] evm: security.selinux
[    0.108009] evm: security.SMACK64
[    0.112003] evm: security.SMACK64EXEC
[    0.116005] evm: security.SMACK64TRANSMUTE
[    0.120005] evm: security.SMACK64MMAP
[    0.122297] evm: security.apparmor
[    0.124003] evm: security.ima
[    0.128004] evm: security.capability
[    0.132127] clocksource: jiffies: mask: 0xffffffff max_cycles: 0xffffffff, max_idle_ns: 7645041785100000 ns
[    0.136014] futex hash table entries: 512 (order: 3, 32768 bytes)
[    0.140092] pinctrl core: initialized pinctrl subsystem
[    0.144125] RTC time: 21:01:31, date: 10/24/18
[    0.148143] NET: Registered protocol family 16
[    0.152086] audit: initializing netlink subsys (disabled)
[    0.160005] audit: type=2000 audit(1540414892.302:1): state=initialized audit_enabled=0 res=1
[    0.368031] cpuidle: using governor ladder
[    0.372020] cpuidle: using governor menu
[    0.373585] ACPI: bus type PCI registered
[    0.376004] acpiphp: ACPI Hot Plug PCI Controller Driver version: 0.5
[    0.378490] PCI: Using configuration type 1 for base access
[    0.381324] HugeTLB registered 2.00 MiB page size, pre-allocated 0 pages
[    0.384128] ACPI: Added _OSI(Module Device)
[    0.388005] ACPI: Added _OSI(Processor Device)
[    0.392004] ACPI: Added _OSI(3.0 _SCP Extensions)
[    0.393813] ACPI: Added _OSI(Processor Aggregator Device)
[    0.396004] ACPI: Added _OSI(Linux-Dell-Video)
[    0.397707] ACPI: Added _OSI(Linux-Lenovo-NV-HDMI-Audio)
[    0.400328] ACPI: Executed 1 blocks of module-level executable AML code
[    0.409326] ACPI: Interpreter enabled
[    0.410789] ACPI: (supports S0 S5)
[    0.412000] ACPI: Using IOAPIC for interrupt routing
[    0.412341] PCI: Using host bridge windows from ACPI; if necessary, use "pci=nocrs" and report a bug
[    0.416204] ACPI: Enabled 2 GPEs in block 00 to 07
[    0.427762] ACPI: PCI Root Bridge [PCI0] (domain 0000 [bus 00-ff])
[    0.428012] acpi PNP0A03:00: _OSC: OS supports [ASPM ClockPM Segments MSI]
[    0.432039] acpi PNP0A03:00: _OSC: not requesting OS control; OS requires [ExtendedConfig ASPM ClockPM MSI]
[    0.436019] acpi PNP0A03:00: fail to add MMCONFIG information, can't access extended PCI configuration space under this bridge.
[    0.440430] PCI host bridge to bus 0000:00
[    0.442569] pci_bus 0000:00: root bus resource [io  0x0000-0x0cf7 window]
[    0.444006] pci_bus 0000:00: root bus resource [io  0x0d00-0xffff window]
[    0.448006] pci_bus 0000:00: root bus resource [mem 0x000a0000-0x000bffff window]
[    0.450762] pci_bus 0000:00: root bus resource [mem 0x80000000-0xfdffffff window]
[    0.452005] pci_bus 0000:00: root bus resource [bus 00-ff]
[    0.458165] pci 0000:00:01.1: legacy IDE quirk: reg 0x10: [io  0x01f0-0x01f7]
[    0.460005] pci 0000:00:01.1: legacy IDE quirk: reg 0x14: [io  0x03f6]
[    0.464004] pci 0000:00:01.1: legacy IDE quirk: reg 0x18: [io  0x0170-0x0177]
[    0.466751] pci 0000:00:01.1: legacy IDE quirk: reg 0x1c: [io  0x0376]
[    0.495244] pci 0000:00:07.0: quirk: [io  0x4000-0x403f] claimed by PIIX4 ACPI
[    0.496021] pci 0000:00:07.0: quirk: [io  0x4100-0x410f] claimed by PIIX4 SMB
[    0.521143] ACPI: PCI Interrupt Link [LNKA] (IRQs 5 9 10 *11)
[    0.523784] ACPI: PCI Interrupt Link [LNKB] (IRQs 5 9 *10 11)
[    0.524156] ACPI: PCI Interrupt Link [LNKC] (IRQs 5 *9 10 11)
[    0.528154] ACPI: PCI Interrupt Link [LNKD] (IRQs 5 9 10 *11)
[    0.533998] SCSI subsystem initialized
[    0.540070] pci 0000:00:02.0: vgaarb: setting as boot VGA device
[    0.542368] pci 0000:00:02.0: vgaarb: VGA device added: decodes=io+mem,owns=io+mem,locks=none
[    0.544014] pci 0000:00:02.0: vgaarb: bridge control possible
[    0.548003] vgaarb: loaded
[    0.549136] ACPI: bus type USB registered
[    0.552034] usbcore: registered new interface driver usbfs
[    0.554192] usbcore: registered new interface driver hub
[    0.559306] usbcore: registered new device driver usb
[    0.565688] EDAC MC: Ver: 3.0.0
[    0.569856] PCI: Using ACPI for IRQ routing
[    0.572323] NetLabel: Initializing
[    0.573726] NetLabel:  domain hash size = 128
[    0.575413] NetLabel:  protocols = UNLABELED CIPSOv4 CALIPSO
[    0.576023] NetLabel:  unlabeled traffic allowed by default
[    0.607859] clocksource: Switched to clocksource kvm-clock
[    0.625197] VFS: Disk quotas dquot_6.6.0
[    0.626772] VFS: Dquot-cache hash table entries: 512 (order 0, 4096 bytes)
[    0.629494] AppArmor: AppArmor Filesystem Enabled
[    0.631390] pnp: PnP ACPI init
[    0.633866] pnp: PnP ACPI: found 3 devices
[    0.641450] clocksource: acpi_pm: mask: 0xffffff max_cycles: 0xffffff, max_idle_ns: 2085701024 ns
[    0.644906] NET: Registered protocol family 2
[    0.648516] TCP established hash table entries: 16384 (order: 5, 131072 bytes)
[    0.651301] TCP bind hash table entries: 16384 (order: 6, 262144 bytes)
[    0.654320] TCP: Hash tables configured (established 16384 bind 16384)
[    0.656842] UDP hash table entries: 1024 (order: 3, 32768 bytes)
[    0.659182] UDP-Lite hash table entries: 1024 (order: 3, 32768 bytes)
[    0.661675] NET: Registered protocol family 1
[    0.663356] pci 0000:00:00.0: Limiting direct PCI/PCI transfers
[    0.665633] pci 0000:00:01.0: Activating ISA DMA hang workarounds
[    0.668090] pci 0000:00:02.0: Video device with shadowed ROM at [mem 0x000c0000-0x000dffff]
[    0.671377] Unpacking initramfs...
[    0.925267] Freeing initrd memory: 18968K
[    0.980573] platform rtc_cmos: registered platform RTC device (no PNP device found)
[    1.260694] Scanning for low memory corruption every 60 seconds
[    1.275458] Initialise system trusted keyrings
[    1.324653] Key type blacklist registered
[    1.554252] workingset: timestamp_bits=36 max_order=19 bucket_order=0
[    1.797897] zbud: loaded
[    1.837447] squashfs: version 4.0 (2009/01/31) Phillip Lougher
[    2.054661] tsc: Refined TSC clocksource calibration: 2808.534 MHz
[    2.086178] clocksource: tsc: mask: 0xffffffffffffffff max_cycles: 0x287bbe65f66, max_idle_ns: 440795226028 ns
[    2.093489] fuse init (API version 7.26)
[    2.094485] Key type asymmetric registered
[    2.094486] Asymmetric key parser 'x509' registered
[    2.094520] Block layer SCSI generic (bsg) driver version 0.4 loaded (major 246)
[    2.094565] io scheduler noop registered
[    2.094566] io scheduler deadline registered
[    2.094612] io scheduler cfq registered (default)
[    2.183420] ACPI: AC Adapter [AC] (on-line)
[    2.207195] input: Power Button as /devices/LNXSYSTM:00/LNXPWRBN:00/input/input0
[    2.234956] ACPI: Power Button [PWRF]
[    2.237282] input: Sleep Button as /devices/LNXSYSTM:00/LNXSLPBN:00/input/input1
[    2.241976] ACPI: Sleep Button [SLPF]
[    2.244974] ACPI: Battery Slot [BAT0] (battery present)
[    2.246780] Serial: 8250/16550 driver, 32 ports, IRQ sharing enabled
[    2.271232] 00:02: ttyS0 at I/O 0x3f8 (irq = 4, base_baud = 115200) is a 16550A
[    2.318958] Linux agpgart interface v0.103
[    2.336217] loop: module loaded
[    2.357164] scsi host0: ata_piix
[    2.364831] scsi host1: ata_piix
[    2.395587] ata1: PATA max UDMA/33 cmd 0x1f0 ctl 0x3f6 bmdma 0xd000 irq 14
[    2.416472] ata2: PATA max UDMA/33 cmd 0x170 ctl 0x376 bmdma 0xd008 irq 15
[    2.422319] libphy: Fixed MDIO Bus: probed
[    2.424698] tun: Universal TUN/TAP device driver, 1.6
[    2.427173] PPP generic driver version 2.4.2
[    2.428951] ehci_hcd: USB 2.0 'Enhanced' Host Controller (EHCI) Driver
[    2.431273] ehci-pci: EHCI PCI platform driver
[    2.432976] ehci-platform: EHCI generic platform driver
[    2.434976] ohci_hcd: USB 1.1 'Open' Host Controller (OHCI) Driver
[    2.437270] ohci-pci: OHCI PCI platform driver
[    2.439033] ohci-platform: OHCI generic platform driver
[    2.441004] uhci_hcd: USB Universal Host Controller Interface driver
[    2.443387] i8042: PNP: PS/2 Controller [PNP0303:PS2K,PNP0f03:PS2M] at 0x60,0x64 irq 1,12
[    2.447014] serio: i8042 KBD port at 0x60,0x64 irq 1
[    2.448885] serio: i8042 AUX port at 0x60,0x64 irq 12
[    2.450893] mousedev: PS/2 mouse device common for all mice
[    2.456364] input: AT Translated Set 2 keyboard as /devices/platform/i8042/serio0/input/input2
[    2.511225] rtc_cmos rtc_cmos: rtc core: registered rtc_cmos as rtc0
[    2.512258] rtc_cmos rtc_cmos: alarms up to one day, 114 bytes nvram
[    2.565543] i2c /dev entries driver
[    2.566936] pcie_mp2_amd: AMD(R) PCI-E MP2 Communication Driver Version: 1.0
[    2.569700] device-mapper: uevent: version 1.0.3
[    2.574471] device-mapper: ioctl: 4.37.0-ioctl (2017-09-20) initialised: dm-devel@redhat.com
[    2.577754] ledtrig-cpu: registered to indicate activity on CPUs
[    2.587505] NET: Registered protocol family 10
[    2.594452] Segment Routing with IPv6
[    2.600154] NET: Registered protocol family 17
[    2.606941] Key type dns_resolver registered
[    2.609044] RAS: Correctable Errors collector initialized.
[    2.611157] sched_clock: Marking stable (2608763169, 0)->(6340067375, -3731304206)
[    2.623499] registered taskstats version 1
[    2.625165] Loading compiled-in X.509 certificates
[    2.644101] Loaded X.509 cert 'Build time autogenerated kernel key: fcd93cd0852f7ae1da10896371e06e3c19479c00'
[    2.653531] zswap: loaded using pool lzo/zbud
[    2.660429] Key type big_key registered
[    2.679468] Key type trusted registered
[    2.682744] Key type encrypted registered
[    2.712390] AppArmor: AppArmor sha1 policy hashing enabled
[    2.713148] ima: No TPM chip found, activating TPM-bypass! (rc=-19)
[    2.739454] ima: Allocated hash algorithm: sha1
[    2.745711] evm: HMAC attrs: 0x1
[    2.758182]   Magic number: 6:20:46
[    2.758895] rtc_cmos rtc_cmos: setting system clock to 2018-10-24 21:01:33 UTC (1540414893)
[    2.761867] BIOS EDD facility v0.16 2004-Jun-25, 0 devices found
[    2.852386] EDD information not available.
[    2.918327] Freeing unused kernel memory: 2408K
[    3.088117] Write protecting the kernel read-only data: 20480k
[    3.234933] Freeing unused kernel memory: 2008K
[    3.406970] Freeing unused kernel memory: 1896K
[    3.532194] x86/mm: Checked W+X mappings: passed, no W+X pages found.
[    3.542497] x86/mm: Checking user space page tables
[    3.553060] x86/mm: Checked W+X mappings: passed, no W+X pages found.
Loading, please wait...
starting version 237
[    3.682139] e1000: Intel(R) PRO/1000 Network Driver - version 7.3.21-k8-NAPI
[    3.885414] e1000: Copyright (c) 1999-2006 Intel Corporation.
[    4.060916] Fusion MPT base driver 3.04.20
[    4.081979] Copyright (c) 1999-2008 LSI Corporation
[    4.115499] AVX2 version of gcm_enc/dec engaged.
[    4.121212] AES CTR mode by8 optimization enabled
[    4.128726] Fusion MPT SPI Host driver 3.04.20
[    4.333139] input: ImExPS/2 Generic Explorer Mouse as /devices/platform/i8042/serio1/input/input4
[    4.436745] e1000 0000:00:03.0 eth0: (PCI:33MHz:32-bit) 02:7c:eb:a0:02:29
[    4.440657] e1000 0000:00:03.0 eth0: Intel(R) PRO/1000 Network Connection
[    4.819679] e1000 0000:00:08.0 eth1: (PCI:33MHz:32-bit) 08:00:27:dd:26:1d
[    5.034159] e1000 0000:00:08.0 eth1: Intel(R) PRO/1000 Network Connection
[    5.196387] e1000 0000:00:03.0 enp0s3: renamed from eth0
[    5.257888] mptbase: ioc0: Initiating bringup
[    5.349390] e1000 0000:00:08.0 enp0s8: renamed from eth1
[    5.432222] ioc0: LSI53C1030 A0: Capabilities={Initiator}
[    5.769292] scsi host2: ioc0: LSI53C1030 A0, FwRev=00000000h, Ports=1, MaxQ=256, IRQ=20
[    5.940584] scsi 2:0:0:0: Direct-Access     VBOX     HARDDISK         1.0  PQ: 0 ANSI: 5
[    6.653896] scsi target2:0:0: Beginning Domain Validation
[    6.934407] scsi target2:0:0: Domain Validation skipping write tests
[    6.942786] scsi target2:0:0: Ending Domain Validation
[    7.223593] scsi target2:0:0: asynchronous
[    7.280604] scsi 2:0:1:0: Direct-Access     VBOX     HARDDISK         1.0  PQ: 0 ANSI: 5
[    8.123880] scsi target2:0:1: Beginning Domain Validation
[    8.845627] random: fast init done
[    8.949557] scsi target2:0:1: Domain Validation skipping write tests
[    9.140434] scsi target2:0:1: Ending Domain Validation
[    9.186639] scsi target2:0:1: asynchronous
[    9.199788] random: systemd-udevd: uninitialized urandom read (16 bytes read)
[    9.852275] sd 2:0:0:0: Attached scsi generic sg0 type 0
[    9.852421] sd 2:0:1:0: Attached scsi generic sg1 type 0
[    9.953569] random: systemd-udevd: uninitialized urandom read (16 bytes read)
[    9.960717] sd 2:0:0:0: [sda] 20971520 512-byte logical blocks: (10.7 GB/10.0 GiB)
[    9.960757] sd 2:0:0:0: [sda] Write Protect is off
[    9.960868] sd 2:0:0:0: [sda] Incomplete mode parameter data
[    9.960869] sd 2:0:0:0: [sda] Assuming drive cache: write through
[    9.963128]  sda: sda1
[    9.963532] sd 2:0:0:0: [sda] Attached SCSI disk
[    9.995095] sd 2:0:1:0: [sdb] 20480 512-byte logical blocks: (10.5 MB/10.0 MiB)
[    9.995135] sd 2:0:1:0: [sdb] Write Protect is off
[    9.995207] sd 2:0:1:0: [sdb] Incomplete mode parameter data
[    9.995208] sd 2:0:1:0: [sdb] Assuming drive cache: write through
[    9.999297] sd 2:0:1:0: [sdb] Attached SCSI disk
[   10.405423] random: systemd-udevd: uninitialized urandom read (16 bytes read)
[   10.608744] random: systemd-udevd: uninitialized urandom read (16 bytes read)
[   10.608767] random: systemd-udevd: uninitialized urandom read (16 bytes read)
Begin: Loading essential drivers ... [   12.144300] raid6: sse2x1   gen() 10874 MB/s
[   12.216510] raid6: sse2x1   xor()  7116 MB/s
[   12.600535] raid6: sse2x2   gen() 12037 MB/s
[   12.653862] raid6: sse2x2   xor()  8717 MB/s
[   12.804451] raid6: sse2x4   gen() 15318 MB/s
[   13.016557] raid6: sse2x4   xor()  6452 MB/s
[   13.133858] raid6: avx2x1   gen() 22359 MB/s
[   13.403885] raid6: avx2x1   xor() 15903 MB/s
[   13.464396] raid6: avx2x2   gen() 26201 MB/s
[   13.523866] raid6: avx2x2   xor() 17084 MB/s
[   13.704511] raid6: avx2x4   gen() 29152 MB/s
[   13.873861] raid6: avx2x4   xor() 15056 MB/s
[   14.024162] raid6: using algorithm avx2x4 gen() 29152 MB/s
[   14.144902] raid6: .... xor() 15056 MB/s, rmw enabled
[   14.324158] raid6: using avx2x2 recovery algorithm
[   14.450283] xor: automatically using best checksumming function   avx       
[   14.472445] async_tx: api initialized (async)
done.
Begin: Running /scripts/init-premount ... done.
Begin: Mounting root file system ... Begin: Running /scripts/local-top ... done.
Begin: Running /scripts/local-premount ... [   14.593330] Btrfs loaded, crc32c=crc32c-intel
Scanning for Btrfs filesystems
done.
Warning: fsck no[   14.621880] EXT4-fs (sda1): mounted filesystem with ordered data mode. Opts: (null)
t present, so skipping root file system
done.
Begin: Running /scripts/local-bottom ... done.
Begin: Running /scripts/init-bottom ... done.
[   15.019571] ip_tables: (C) 2000-2006 Netfilter Core Team
[   15.473266] systemd[1]: systemd 237 running in system mode. (+PAM +AUDIT +SELINUX +IMA +APPARMOR +SMACK +SYSVINIT +UTMP +LIBCRYPTSETUP +GCRYPT +GNUTLS +ACL +XZ +LZ4 +SECCOMP +BLKID +ELFUTILS +KMOD -IDN2 +IDN -PCRE2 default-hierarchy=hybrid)
[   16.954990] systemd[1]: Detected virtualization oracle.
[   17.021237] systemd[1]: Detected architecture x86-64.

Welcome to [1mUbuntu 18.04.1 LTS[0m!

[   17.066004] systemd[1]: Set hostname to <attacker>.
[   17.345524] systemd[1]: Reached target Swap.
[[0;32m  OK  [0m] Reached target Swap.
[   17.420146] systemd[1]: Started Forward Password Requests to Wall Directory Watch.
[[0;32m  OK  [0m] Started Forward Password Requests to Wall Directory Watch.
[   18.034023] systemd[1]: Reached target User and Group Name Lookups.
[[0;32m  OK  [0m] Reached target User and Group Name Lookups.
[   18.325519] systemd[1]: Created slice System Slice.
[[0;32m  OK  [0m] Created slice System Slice.
[   18.472427] systemd[1]: Listening on Network Service Netlink Socket.
[[0;32m  OK  [0m] Listening on Network Service Netlink Socket.
[   19.070865] systemd[1]: Listening on Device-mapper event daemon FIFOs.
[[0;32m  OK  [0m] Listening on Device-mapper event daemon FIFOs.
[[0;32m  OK  [0m] Listening on Journal Audit Socket.
[[0;32m  OK  [0m] Listening on udev Kernel Socket.
[[0;32m  OK  [0m] Created slice system-serial\x2dgetty.slice.
[[0;32m  OK  [0m] Listening on Journal Socket (/dev/log).
[[0;32m  OK  [0m] Listening on RPCbind Server Activation Socket.
[[0;32m  OK  [0m] Listening on LVM2 poll daemon socket.
[[0;32m  OK  [0m] Listening on LVM2 metadata daemon socket.
[[0;32m  OK  [0m] Listening on udev Control Socket.
[[0;32m  OK  [0m] Set up automount Arbitrary Executabâ€¦rmats File System Automount Point.
[[0;32m  OK  [0m] Listening on Journal Socket.
         Starting udev Coldplug all Devices...
         Starting Uncomplicated firewall...
         Starting Remount Root a[   19.654573] EXT4-fs (sda1): re-mounted. Opts: (null)
nd Kernel File Systems...
         Mounting Huge Pages File System...
         Mounting POSIX Message Queue File System...
         Mounting RPC Pipe File System...
         Mounting Kernel Debug File System...
         Starting Set the console keyboard layout...
         Starting Monitoring of LVM2 mirrorsâ€¦ng dmeventd or progress polling...
[[0;32m  OK  [0m[   19.841908] RPC: Registered named UNIX socket transport module.
[   19.847232] RPC: Registered udp transport module.
] Created slice User and Session Slice.
[   19.856571] RPC: Registered tcp transport module.
[   19.974343] RPC: Registered tcp NFSv4.1 backchannel transport module.
[   19.991167] random: crng init done
[   19.991168] random: 5 urandom warning(s) missed due to ratelimiting
[[0;32m  OK  [0m] Reached target Slices.
[[0;32m  OK  [0m] Listening on Syslog Socket.
[[0;32m  OK  [0m] Listening on /dev/initctl Compatibility Named Pipe.
[[0;32m  OK  [0m] Reached target System Time Synchronized.
         Starting Journal Service...
         Startin[   20.312791] Loading iSCSI transport class v2.0-870.
g Load Kernel Modules...
[   20.354119] iscsi: registered transport (tcp)
         Starting Create list of required stâ€¦ce nodes for the current kernel...
[[0;32m  OK  [0m] Started Journal Service.
[[0;32m  OK  [0m] Started Uncomplicated firewall.
[[0;32m  OK  [0m] Started Remount Root and Kernel File Systems.
[[0;32m  OK  [0m] Mounted Huge Pages File System.
[[0;32m  OK  [0m] Mounted POSIX Message Queue File System.
[[0;32m  OK  [0m] Mounted RPC Pipe File System.
[[0;32m  OK  [0m] Mounted Kernel Debug File Sy[   20.460482] iscsi: registered transport (iser)
stem.
[[0;32m  OK  [0m] Started Set the console keyboard layout.
[[0;32m  OK  [0m] Started Create list of required staâ€¦vice nodes for the current kernel.
[[0;32m  OK  [0m] Started Load Kernel Modules.
[[0;32m  OK  [0m] Started udev Coldplug all Devices.
[[0;32m  OK  [0m] Started LVM2 metadata daemon.
         Mounting FUSE Control File System...
         Mounting Kernel Configuration File System...
         Starting Apply Kernel Variables...
         Starting Create Static Device Nodes in /dev...
         Starting Load/Save Random Seed...
         Starting Initial cloud-init job (pre-networking)...
         Starting Flush Journal to Persistent Storage...
[[0;32m  OK  [0m] Started Monitoring of LVM2 mirrors,â€¦sing dmeventd or progress polling.
[[0;32m  OK  [0m] Mounted FUSE Control File System.
[[0;32m  OK  [0m] Mounted Kernel Configuration File System.
[[0;32m  OK  [0m] Started Apply Kernel Variables.
[[0;32m  OK  [0m] Started Create Static Device Nodes in /dev.
[[0;32m  OK  [0m] Started Load/Save Random Seed.
         Starting udev Kernel Device Manager...
[[0;32m  OK  [0m] Reached target Local File Systems (Pre).
[[0;32m  OK  [0m] Reached target Local File Systems.
         Starting Set console font and keymap...
         Starting AppArmor initialization...
         Starting ebtables ruleset management...
         Starting Tell Plymouth To Write Out Runtime Data...
         Starting Preprocess NFS configuration...
[[0;32m  OK  [0m] Started udev Kernel Device Manager.
[[0;32m  OK  [0m] Started Set console font and keymap.
[[0;32m  OK  [0m] Started Dispatch Password Requests to Console Directory Watch.
[[0;32m  OK  [0m] Reached target Local Encrypted Volumes.
[[0;32m  OK  [0m] Started Tell Plymouth To Write Out Runtime Data.
[[0;32m  OK  [0m] Started Preprocess NFS configuration.
[[0;32m  OK  [0m] Reached target NFS client services.
[[0;32m  OK  [0m] Started Flush Journal to Persistent Storage.
[[0;32m  OK  [0m] Found device /dev/ttyS0.
         Starting Create Volatile Files and Directories...
[[0;32m  OK  [0m] Started ebtables ruleset management.
[[0;32m  OK  [0m] Started Create Volatile Files and Directories.
         Starting RPC bind portmap service...
         Starting Update UTMP about System Boot/Shutdown...
[[0;32m  OK  [0m] Listening on Load/Save RF Kill Switch Status /dev/rfkill Watch.
[[0;32m  OK  [0m] Started RPC bind portmap service.
[[0;32m  OK  [0m] Reached target RPC Port Mapper.
[[0;32m  OK  [0m] Started Update UTMP about System Boot/Shutdown.
[[0;32m  OK  [0m] Started AppArmor initialization.
[   22.639261] cloud-init[417]: Cloud-init v. 18.3-9-g2e62cb8a-0ubuntu1~18.04.2 running 'init-local' at Wed, 24 Oct 2018 21:01:53 +0000. Up 22.39 seconds.
[[0;32m  OK  [0m] Started Initial cloud-init job (pre-networking).
[[0;32m  OK  [0m] Reached target Network (Pre).
         Starting Network Service...
[[0;32m  OK  [0m] Started Network Service.
         Starting Wait for Network to be Configured...
         Starting Network Name Resolution...
[[0;32m  OK  [0m] Started Network Name Resolution.
[[0;32m  OK  [0m] Reached target Network.
[[0;32m  OK  [0m] Reached target Host and Network Name Lookups.
[[0;32m  OK  [0m] Started Wait for Network to be Configured.
         Starting Initial cloud-init job (metadata service crawler)...
[   25.783475] cloud-init[713]: Cloud-init v. 18.3-9-g2e62cb8a-0ubuntu1~18.04.2 running 'init' at Wed, 24 Oct 2018 21:01:56 +0000. Up 25.34 seconds.
[[0;32m  OK  [0m[   25.960370] ] cloud-initStarted Initial cloud-init job (metadata service crawler).[713]: 
ci-info: ++++++++++++++++++++++++++++++++++++++Net device info+++++++++++++++++++++++++++++++++++++++
[[   26.194090] cloud-init[713]: ci-info: +--------+------+-----------------------------+---------------+--------+-------------------+
[   26.194284] cloud-init[713]: ci-info: | Device |  Up  |           Address           |      Mask     | Scope  |     Hw-Address    |
[0;32m  OK  [0m] Reached target Network is Online.
[   26.194571] cloud-init[713]: ci-info: +--------+------+-----------------------------+---------------+--------+-------------------+
[[   26.674113] cloud-init[713]: ci-info: | enp0s3 | True |          10.0.2.15          | 255.255.255.0 | global | 02:7c:eb:a0:02:29 |
[   26.674310] cloud-init[713]: ci-info: | enp0s3 | True |  fe80::7c:ebff:fea0:229/64  |       .       |  link  | 02:7c:eb:a0:02:29 |[0;32m  OK  [0m
] Reached target Remote File Systems (Pre).
[[0;32m  OK  [0m] Reached target Remote File Systems.
[   26.674464] cloud-init[713]: ci-info: | enp0s8 | True |        192.168.33.11        | 255.255.255.0 | global | 08:00:27:dd:26:1d |
         [   27.132321] Starting Availability of block devices...cloud-init
[713]: ci-info: | enp0s8 | True | fe80::a00:27ff:fedd:261d/64 |       .       |  link  | 08:00:27:dd:26:1d |
[   27.187119] cloud-init[713]: ci-info: |   lo   | True |          127.0.0.1          |   255.0.0.0   |  host  |         .         |
[   27.199176] cloud-init[713]: ci-info: |   lo   | True |           ::1/128           |       .       |  host  |         .         |
[[   27.215115] cloud-init[713]: ci-info: +--------+------+-----------------------------+---------------+--------+-------------------+
[   27.215616] cloud-init[713]: ci-info: +++++++++++++++++++++++++++++Route IPv4 info+++++++++++++++++++++++++++++
[   27.221772] cloud-init[713]: ci-info: +-------+--------------+----------+-----------------+-----------+-------+
[   27.235768] cloud-init[713]: ci-info: | Route | Destination  | Gateway  |     Genmask     | Interface | Flags |
[   27.237821] cloud-init[713]: ci-info: +-------+--------------+----------+-----------------+-----------+-------+
[   27.240794] cloud-init[713]: ci-info: |   0   |   0.0.0.0    | 10.0.2.2 |     0.0.0.0     |   enp0s3  |   UG  |
[   27.242255] cloud-init[713]: ci-info: |   1   |   10.0.2.0   | 0.0.0.0  |  255.255.255.0  |   enp0s3  |   U   |
[   27.245397] cloud-init[713]: ci-info: |   2   |   10.0.2.2   | 0.0.0.0  | 255.255.255.255 |   enp0s3  |   UH  |
[   27.246738] cloud-init[713]: ci-info: |   3   | 192.168.33.0 | 0.0.0.0  |  255.255.255.0  |   enp0s8  |   U   |
[   27.252696] cloud-init[713]: ci-info: +-------+--------------+----------+-----------------+-----------+-------+
[   27.260446] cloud-init[713]: ci-info: +++++++++++++++++++Route IPv6 info+++++++++++++++++++
[   27.262721] cloud-init[713]: ci-info: +-------+-------------+---------+-----------+-------+
[   27.263555] cloud-init[713]: ci-info: | Route | Destination | Gateway | Interface | Flags |
[   27.264753] cloud-init[713]: ci-info: +-------+-------------+---------+-----------+-------+
[   27.265609] cloud-init[713]: ci-info: |   1   |  fe80::/64  |    ::   |   enp0s8  |   U   |
[   27.266898] cloud-init[713]: ci-info: |   2   |  fe80::/64  |    ::   |   enp0s3  |   U   |
[   27.268013] cloud-init[713]: ci-info: |   4   |    local    |    ::   |   enp0s3  |   U   |
[   27.268925] cloud-init[713]: ci-info: |   5   |    local    |    ::   |   enp0s8  |   U   |
[   27.270302] cloud-init[713]: ci-info: |   6   |   ff00::/8  |    ::   |   enp0s8  |   U   |
[   27.274021] cloud-init[713]: ci-info: |   7   |   ff00::/8  |    ::   |   enp0s3  |   U   |
[   27.275791] cloud-init[713]: ci-info: +-------+-------------+---------+-----------+-------+
[0;32m  OK  [0m] Reached target System Initialization.
[[0;32m  OK  [0m] Listening on UUID daemon activation socket.
[[0;32m  OK  [0m] Started Clean PHP session files every 30 mins.
[[0;32m  OK  [0m] Started Daily Cleanup of Temporary Directories.
[[0;32m  OK  [0m] Started Discard unused blocks once a week.
[[0;32m  OK  [0m] Started ACPI Events Check.
[[0;32m  OK  [0m] Reached target Paths.
[[0;32m  OK  [0m] Started Daily apt download activities.
[[0;32m  OK  [0m] Started Daily apt upgrade and clean activities.
[[0;32m  OK  [0m] Listening on ACPID Listen Socket.
         Starting Socket activation for snappy daemon.
[[0;32m  OK  [0m] Listening on Open-iSCSI iscsid Socket.
[[0;32m  OK  [0m] Listening on D-Bus System Message Bus Socket.
         Starting LXD - unix socket.
[[0;32m  OK  [0m] Started Message of the Day.
[[0;32m  OK  [0m] Reached target Timers.
[[0;32m  OK  [0m] Reached target Cloud-config availability.
[[0;32m  OK  [0m] Started Availability of block devices.
[[0;32m  OK  [0m] Listening on Socket activation for snappy daemon.
[[0;32m  OK  [0m] Listening on LXD - unix socket.
[[0;32m  OK  [0m] Reached target Sockets.
[[0;32m  OK  [0m] Reached target Basic System.
[[0;32m  OK  [0m] Started D-Bus System Message Bus.
[[0;32m  OK  [0m] Started Unattended Upgrades Shutdown.
         Starting The Apache HTTP Server...
         Starting vboxadd.service...
         Starting Clean php session files...
         Starting OpenBSD Secure Shell server...
[[0;32m  OK  [0m] Started Elasticsearch.
         Starting LXD - container startup/shutdown...
         Starting Discard unused blocks...
         Starting Login Service...
         Starting Permit User Sessions...
[[0;32m  OK  [0m] Started FUSE filesystem for LXC.
[[0;32m  OK  [0m] Started Regular background program processing daemon.
[[0;32m  OK  [0m] Started Deferred execution scheduler.
         Starting LSB: automatic crash report generation...
         Starting LSB: Record successful boot for GRUB...
         Starting Dispatcher daemon for systemd-networkd...
[[0;32m  OK  [0m] Started irqbalance daemon.
         Starting System Logging Service...
         Starting Snappy daemon...
         Starting Accounts Service...
[[0;32m  OK  [0m] Started LXD - container startup/shutdown.
[[0;32m  OK  [0m] Started OpenBSD Secure Shell server.
[[0;32m  OK  [0m] Started Discard unused blocks.
[[0;32m  OK  [0m] Started Permit User Sessions.
[[0;32m  OK  [0m] Started Login Service.
         Starting Terminate Plymouth Boot Screen...
         Starting Hold until boot process finishes up...
[[0;32m  OK  [0m] Started System Logging Service.
[[0;32m  OK  [0m] Started Hold until boot process finishes up.
[[0;32m  OK  [0m] Started Terminate Plymouth Boot Screen.
[[0;32m  OK  [0m] Started Serial Getty on ttyS0.
         Starting Set console scheme...
[[0;32m  OK  [0m] Started LSB: automatic crash report generation.
[[0;32m  OK  [0m] Started The Apache HTTP Server.
         Starting Authorization Manager...
[[0;32m  OK  [0m] Started Set console scheme.
[[0;32m  OK  [0m] Created slice system-getty.slice.
[[0;32m  OK  [0m] Started Getty on tty1.
[[0;32m  OK  [0m] Reached target Login Prompts.
[[0;32m  OK  [0m] Started vboxadd.service.
[[0;32m  OK  [0m] Started LSB: Record successful boot for GRUB.
[[0;32m  OK  [0m] Started Snappy daemon.
[[0;32m  OK  [0m] Started Authorization Manager.
[[0;32m  OK  [0m] Started Accounts Service.
         Starting Wait until snapd is fully seeded...
         Starting vboxadd-service.service...
[[0;32m  OK  [0m] Created slice User Slice of vagrant.
[[0;32m  OK  [0m] Started Dispatcher daemon for systemd-networkd.
[[0;32m  OK  [0m] Started Wait until snapd is fully seeded.
[[0;32m  OK  [0m] Started vboxadd-service.service.
[[0;32m  OK  [0m] Started Session 1 of user vagrant.
         Starting Apply the settings specified in cloud-config...
[[0;32m  OK  [0m] Reached target Multi-User System.
[[0;32m  OK  [0m] Reached target Graphical Interface.
         Starting Update UTMP about System Runlevel Changes...
         Starting User Manager for UID 1000...
[[0;32m  OK  [0m] Started Update UTMP about System Runlevel Changes.
[[0;32m  OK  [0m] Started User Manager for UID 1000.
[[0;32m  OK  [0m] Started Clean php session files.
[   32.561559] cloud-init[1354]: Cloud-init v. 18.3-9-g2e62cb8a-0ubuntu1~18.04.2 running 'modules:config' at Wed, 24 Oct 2018 21:02:02 +0000. Up 32.22 seconds.
[[0;32m  OK  [0m] Started Apply the settings specified in cloud-config.
         Starting Execute cloud user/final scripts...
[   34.539848] cloud-init[1529]: Cloud-init v. 18.3-9-g2e62cb8a-0ubuntu1~18.04.2 running 'modules:final' at Wed, 24 Oct 2018 21:02:04 +0000. Up 33.88 seconds.
[   34.559074] cloud-init[1529]: Cloud-init v. 18.3-9-g2e62cb8a-0ubuntu1~18.04.2 finished at Wed, 24 Oct 2018 21:02:05 +0000. Datasource DataSourceNoCloud [seed=/dev/sdb][dsmode=net].  Up 34.51 seconds
[[0;32m  OK  [0m] Started Execute cloud user/final scripts.
         Starting Daily apt download activities...
[[0;32m  OK  [0m] Reached target Cloud-init target.

Ubuntu 18.04.1 LTS attacker ttyS0

attacker login: 